---
source: tests/snapshot.rs
expression: "render_sized(&app, 96, 16)"
---
                                                                                                
     what i understood   quick check before i build the cards                        FR → FR    
                                                                                                
    01  chouette      —  an owl or something excellent                                          
    sentences: level b1 · types varied                                                          
    what's the desired level?  <        b1        >                                             
    how to mix the types?      <          varied  >                                             
                                                                                                
                                                                                                
                                                                                                
                                                                                                
                                                                                                
                                                                                                
                                                      ai may be wrong, please verify results    
                                                                                                
    step 2/3  1 card                   [Ctrl+G] generate  [← →] pick  [↑ ↓] row  [Esc] close
