---
source: tests/snapshot.rs
assertion_line: 43
expression: render(&app)
---
                                                                                
     building your cards   drawing each card one by one               RU → …    
                                                                                
                                                                                
    preparing cards…                                                            
                                                                                
                                                                                
                                                                                
                                                                                
                                                                                
                                                                                
    step 3/3 · 0/0 ready · 00:00[↑↓] nav · [Enter] expand · [D] drop · [R] c
