---
source: tests/snapshot.rs
assertion_line: 31
expression: render(&app)
---
                                                                                
    kamishibai · detecting… → RU                                                
                                                                                
    Your words                        paste anything — I figure out the rest    
                                                                                
    type or paste one word/phrase per line:                                     
                                                                                
    ▍                                                                           
                                                                                
                                                                                
─ ─ ─ ─ ─ ─ ─ ─ ─ ─ ─ ─ ─ ─ ─ ─ ─ ─ ─ ─ ─ ─ ─ ─ ─ ─ ─ ─ ─ ─ ─ ─ ─ ─ ─ ─ ─ ─ ─ ─ 
    [type/paste] one per line · [Ctrl+L] my language · [Shift+Enter] continu
