---
source: tests/snapshot.rs
expression: render(&app)
---
                                                                                
     building your cards   drawing each card one by one               RU → …    
                                                                                
                                                                                
    preparing cards…                                                            
                                                                                
                                                                                
                                                                                
                                                                                
                                      ai may be wrong, please verify results    
                                                                                
    step 3/3  0/0 ready  00:00   [Enter/→] toggle  [R] change  [Ctrl+C] quit
