---
source: tests/snapshot.rs
expression: "render_sized(&app, 96, 16)"
---
                                                                                                
     kamishibai   set up two things                                                             
                                                                                                
    kamishibai turns a list of words you want to learn into an anki deck plus a printable       
    pdf. for each word it writes a natural example sentence, illustrates the scene as a         
    manga panel, and reads it aloud in a natural, native-speaker voice.                         
                                                                                                
    01  your language      EN  ZH  ES  JA  FR  DE  KO  RU  IT  PT  HI  AR  TR  PL  UK  ID       
                           VI  TH  EL  HE  NL  CS                                               
    02  gemini api key  › paste your key [Cmd+V]                                                
                          ───────────────────────────────────────                               
                                                                                                
                           submit                                                               
                                                      ai may be wrong, please verify results    
                                                                                                
    step 2/2                                       [Enter] submit  [Esc] back  [Ctrl+C] quit
