---
source: tests/snapshot.rs
expression: buffer
---
                                                                                
     what i understood   quick check before i build the cards         RU → …    
                                                                                
    understanding your words…                                                   
    ┌─ your language ──────────────────────────────────────────────────────┐    
    │                                                                      │    
    │   EN    ZH    ES    JA    FR    DE    RU    IT    PT    EL    NL     │    
    │                                                                      │    
    │  [← →] pick  [Enter] confirm  [Esc] cancel                           │    
    │                                                                      │    
    └──────────────────────────────────────────────────────────────────────┘    
                                                                                
                                                                                
                                      ai may be wrong, please verify results    
                                                                                
    step 2/3  nothing to make    [Enter/→] toggle  [Esc] back  [Ctrl+C] quit
