---
source: tests/snapshot.rs
assertion_line: 69
expression: buffer
---
                                                                                
     what i understood   quick check before i build the cards         RU → …    
                                                                                
    understanding your words…                                                   
          ┌─ my language ────────────────────────────────────────────┐          
          │                                                          │          
          │   DE    EL    EN    ES    RU    ZH                       │          
          │                                                          │          
          │  [← →] pick  [Enter] confirm  [Esc] cancel               │          
          │                                                          │          
          └──────────────────────────────────────────────────────────┘          
                                                                                
                                                                                
                                                                                
                                                                                
    step 2/3 · nothing to make[↑↓] nav · [D] drop · [R] change · [Enter] gen
