---
source: tests/snapshot.rs
expression: render(&app)
---
                                                                                
     words you want to learn  each word becomes a small learning scene  RU→…    
                                                                                
    01                                                                          
    02                                                                          
    03  type or paste, one item per line                                        
    04                                                                          
                                                                                
                                                                                
                                                                                
                                                                                
    step 1/3  empty          [Cmd+V] paste  [Ctrl+L] language  [Ctrl+C] quit
