---
source: tests/snapshot.rs
expression: render(&app)
---
kamishibai · EN → RU                                                            
┌Done──────────────────────────────────────────────────────────────────────────┐
│                                                                              │
│                                                                              │
│                                                                              │
│                                                                              │
│                                                                              │
│                                                                              │
│                                                                              │
│                                                                              │
└──────────────────────────────────────────────────────────────────────────────┘
[N] new batch · [Q] quit
