---
source: tests/snapshot.rs
expression: render(&app)
---
kamishibai · EN → RU                                                            
┌Your words────────────────────────────────────────────────────────────────────┐
│                                                                              │
│                                                                              │
│                                                                              │
│                                                                              │
│                                                                              │
│                                                                              │
│                                                                              │
│                                                                              │
└──────────────────────────────────────────────────────────────────────────────┘
[Enter] continue · [L] my language
