---
source: tests/snapshot.rs
expression: render(&app)
---
                                                                                
     what i understood   quick check before i build the cards         RU → …    
                                                                                
    understanding your words…                                                   
                                                                                
                                                                                
                                                                                
                                                                                
                                                                                
                                      ai may be wrong, please verify results    
                                                                                
    step 2/3  nothing to make      [Enter] toggle  [Esc] back  [Ctrl+C] quit
