---
source: tests/snapshot.rs
expression: render(&app)
---
                                                                                
     what i understood   quick check before i build the cards        RU → EN    
                                                                                
    sentences   default   natural                                               
                                                                                
    01  bank 2/3      multiple meanings:                                        
                         —  [фин.] Сущ. «банк», финансовое учреждение.          
                         —  Сущ. «берег» реки или водоёма.                      
                                                                                
                                      ai may be wrong, please verify results    
                                                                                
    step 2/3  2 cards           [Ctrl+G] generate  [↑] sentences  [Esc] back
